载入 B_seed0/best.pt step=9000 val_score=0.7755
  BraTS20_Training_037 完成
  BraTS20_Training_063 完成
  BraTS20_Training_065 完成
  BraTS20_Training_122 完成
  BraTS20_Training_125 完成
  BraTS20_Training_136 完成
  BraTS20_Training_160 完成
  BraTS20_Training_169 完成
  BraTS20_Training_204 完成
  BraTS20_Training_208 完成
  BraTS20_Training_219 完成
  BraTS20_Training_225 完成
  BraTS20_Training_234 完成
  BraTS20_Training_244 完成
  BraTS20_Training_247 完成
  BraTS20_Training_255 完成
  BraTS20_Training_270 完成
  BraTS20_Training_299 完成
  BraTS20_Training_327 完成
  BraTS20_Training_363 完成

    步数         C0         C1         C2       三场景均值
    16     0.7860     0.7705     0.7701      0.7755
    32     0.7873     0.7711     0.7704      0.7763
-> /SimCLR/code/fm_missing_mri_test/experiment/fm_steps_seed0.json
