=== 阶段一：固定 patch 调通 ===
  [自检] patch 标签取值 [0, 1]，前景占比 0.3987
  [自检] one-hot 合成和为 1：True；前景通道与 seg 一致：True
  [自检] 原始 T1ce 均值 增强肿瘤(标签4)内=697.5 背景=70.6 -> 对齐正常=True
  [自检] 预处理后 patch T1ce 均值 肿瘤整体内=0.023 背景=0.230（含水肿，偏暗属预期）
  [自检] t=0 时 yt==y0: True；t=1 时 yt==y1: True；目标速度用 y1-y0: True

-- 数值自检：滑窗速度场拼装与 Euler 积分 --
  [自检 a] oracle 速度场积分复原 y1：最大绝对误差=1.669e-06，argmax 完全一致=True
  [自检 b] 与解析解逐体素一致：最大绝对误差=8.345e-07
/SimCLR/code/fm_missing_mri_test/run_sanity.py:206: UserWarning: Creating a tensor from a list of numpy.ndarrays is extremely slow. Please consider converting the list to a single numpy.ndarray with numpy.array() before converting to a tensor. (Triggered internally at /pytorch/torch/csrc/utils/tensor_new.cpp:253.)
  avail = torch.tensor([avail_vector("C0")] * mri.shape[0], device=device)

== 过拟合检查: 方法 A，4 个病例固定 patch，1500 次更新，完整模态，无增强 ==
/SimCLR/code/fm_missing_mri_test/run_sanity.py:229: UserWarning: Converting a tensor with requires_grad=True to a scalar may lead to unexpected behavior.
Consider using tensor.detach() first. (Triggered internally at /pytorch/torch/csrc/autograd/generated/python_variable_methods.cpp:836.)
  log(f"   step {step:>5d} loss={float(loss):.4f} {msg}")
   step     0 loss=1.4185 dice=0.6981 ce=0.7204
   step   150 loss=0.4136 dice=0.2520 ce=0.1616
   step   300 loss=0.3235 dice=0.2017 ce=0.1218
   step   450 loss=0.2595 dice=0.1640 ce=0.0955
   step   600 loss=0.2106 dice=0.1345 ce=0.0760
   step   750 loss=0.1702 dice=0.1098 ce=0.0605
   step   900 loss=0.1376 dice=0.0894 ce=0.0482
   step  1050 loss=0.1095 dice=0.0720 ce=0.0375
   step  1200 loss=0.0876 dice=0.0581 ce=0.0295
   step  1350 loss=0.0704 dice=0.0470 ce=0.0235
   step  1499 loss=0.0577 dice=0.0386 ce=0.0191
   训练 patch Dice: BraTS20_Training_015=0.9999 BraTS20_Training_020=1.0000 BraTS20_Training_022=1.0000 BraTS20_Training_024=0.9999
   完整体积 BraTS20_Training_015: Dice=0.4964 预测体素=365408 真实体素=125287 漏检=False
   完整体积 BraTS20_Training_020: Dice=0.5040 预测体素=421112 真实体素=175675 漏检=False
   完整体积 BraTS20_Training_022: Dice=0.3223 预测体素=343358 真实体素=68118 漏检=False
   完整体积 BraTS20_Training_024: Dice=0.3892 预测体素=363046 真实体素=95627 漏检=False

== 过拟合检查: 方法 B，4 个病例固定 patch，1500 次更新，完整模态，无增强 ==
   step     0 loss=1.5134 mse=1.5134
   step   150 loss=0.5679 mse=0.5679
   step   300 loss=0.2582 mse=0.2582
   step   450 loss=0.1428 mse=0.1428
   step   600 loss=0.1215 mse=0.1215
   step   750 loss=0.1166 mse=0.1166
   step   900 loss=0.0841 mse=0.0841
   step  1050 loss=0.0682 mse=0.0682
   step  1200 loss=0.1338 mse=0.1338
   step  1350 loss=0.2657 mse=0.2657
   step  1499 loss=0.0721 mse=0.0721
   训练 patch Dice: BraTS20_Training_015=0.9696 BraTS20_Training_020=0.9631 BraTS20_Training_022=0.9717 BraTS20_Training_024=0.9444
   完整体积 BraTS20_Training_015: Dice=0.0516 预测体素=4649883 真实体素=125287 漏检=False
   完整体积 BraTS20_Training_020: Dice=0.0643 预测体素=4669944 真实体素=175675 漏检=False
   完整体积 BraTS20_Training_022: Dice=0.0273 预测体素=4833958 真实体素=68118 漏检=False
   完整体积 BraTS20_Training_024: Dice=0.0389 预测体素=4568970 真实体素=95627 漏检=False

产物 -> /SimCLR/code/fm_missing_mri_test/experiment/stage1_sanity.json
